// Jest Snapshot v1, https://goo.gl/fbAQLP

exports[`AssignConsult AssignConsult should render correctly in "debug" mode 1`] = `undefined`;
