// Jest Snapshot v1, https://goo.gl/fbAQLP

exports[`Drafts Drafts should render correctly in "debug" mode 1`] = `undefined`;
