// Jest Snapshot v1, https://goo.gl/fbAQLP

exports[`InsideMessage InsideMessage should render correctly in "debug" mode 1`] = `undefined`;
