// Jest Snapshot v1, https://goo.gl/fbAQLP

exports[`PDF PDF should render correctly in "debug" mode 1`] = `undefined`;
