// Jest Snapshot v1, https://goo.gl/fbAQLP

exports[`<SignUp /> SignUp should render correctly in "debug" mode 1`] = `[Function]`;
