// Jest Snapshot v1, https://goo.gl/fbAQLP

exports[`PaymentInfo PaymentInfo should render correctly in "debug" mode 1`] = `undefined`;
