// Jest Snapshot v1, https://goo.gl/fbAQLP

exports[`CardDetails CardDetails should render correctly in "debug" mode 1`] = `undefined`;
