// Jest Snapshot v1, https://goo.gl/fbAQLP

exports[`NotificationSettings NotificationSettings should render correctly in "debug" mode 1`] = `[Function]`;
