// Jest Snapshot v1, https://goo.gl/fbAQLP

exports[`Password Password should render correctly in "debug" mode 1`] = `undefined`;
