// Jest Snapshot v1, https://goo.gl/fbAQLP

exports[`UserCreation UserCreation should render correctly in "debug" mode 1`] = `undefined`;
