// Jest Snapshot v1, https://goo.gl/fbAQLP

exports[`Settings Settings should render correctly in "debug" mode 1`] = `undefined`;
