// Jest Snapshot v1, https://goo.gl/fbAQLP

exports[`CreateButton CreateButton should render correctly in "debug" mode 1`] = `[Function]`;
