// Jest Snapshot v1, https://goo.gl/fbAQLP

exports[`DropzonePlugin DropzonePlugin should render correctly in "debug" mode 1`] = `undefined`;
