// Jest Snapshot v1, https://goo.gl/fbAQLP

exports[`InboxSideBar InboxSideBar should render correctly in "debug" mode 1`] = `undefined`;
