// Jest Snapshot v1, https://goo.gl/fbAQLP

exports[`SignIn  SignIn should render correctly in "debug" mode 1`] = `[Function]`;
