// Jest Snapshot v1, https://goo.gl/fbAQLP

exports[`Inbox Inbox should render correctly in "debug" mode 1`] = `undefined`;
