// Jest Snapshot v1, https://goo.gl/fbAQLP

exports[`UserMenu UserMenu should render correctly in "debug" mode 1`] = `undefined`;
