// Jest Snapshot v1, https://goo.gl/fbAQLP

exports[`Account Account should render correctly in "debug" mode 1`] = `undefined`;
