// Jest Snapshot v1, https://goo.gl/fbAQLP

exports[`AttachCard AttachCard should render correctly in "debug" mode 1`] = `[Function]`;
