// Jest Snapshot v1, https://goo.gl/fbAQLP

exports[`Chat Chat should render correctly in "debug" mode 1`] = `[Function]`;
