// Jest Snapshot v1, https://goo.gl/fbAQLP

exports[`ConsultList ConsultList should render correctly in "debug" mode 1`] = `[Function]`;
