// Jest Snapshot v1, https://goo.gl/fbAQLP

exports[`InsideMessageRightCard InsideMessageRightCard should render correctly in "debug" mode 1`] = `[Function]`;
