// Jest Snapshot v1, https://goo.gl/fbAQLP

exports[`MessageBoxItem MessageBoxItem should render correctly in "debug" mode 1`] = `[Function]`;
