// Jest Snapshot v1, https://goo.gl/fbAQLP

exports[`MessageBox MessageBox should render correctly in "debug" mode 1`] = `[Function]`;
