// Jest Snapshot v1, https://goo.gl/fbAQLP

exports[`CardSetupForm CardSetupForm should render correctly in "debug" mode 1`] = `undefined`;
