// Jest Snapshot v1, https://goo.gl/fbAQLP

exports[`Import Import should render correctly in "debug" mode 1`] = `undefined`;
